2026-09-18 07:33:50,712 - __main__ - INFO - This is a custom logger message
